ume🔍 OCR Re-extraction Script (Multi-threaded + Cloud Vision REST)
================================================================

🔗 Testing Vision API connection...
✅ Vision API connected successfully

🧵 Starting 8 render worker threads...
⚙️  DPI: 150, Render threads: 8, Vision concurrency: 40

📚 31 scanned PDFs found (48,776 total pages)

(node:15600) [MODULE_TYPELESS_PACKAGE_JSON] Warning: Module type of file:///C:/Users/ishan/Music/dharma/dharma-granth/scripts/ocr-render-worker.ts is not specified and it doesn't parse as CommonJS.
Reparsing as ES module because module syntax was detected. This incurs a performance overhead.
To eliminate this warning, add "type": "module" to C:\Users\ishan\Music\dharma\dharma-granth\package.json.
(Use `node --trace-warnings ...` to show where the warning was created)
(node:15600) [MODULE_TYPELESS_PACKAGE_JSON] Warning: Module type of file:///C:/Users/ishan/Music/dharma/dharma-granth/scripts/ocr-render-worker.ts is not specified and it doesn't parse as CommonJS.
Reparsing as ES module because module syntax was detected. This incurs a performance overhead.
To eliminate this warning, add "type": "module" to C:\Users\ishan\Music\dharma\dharma-granth\package.json.
(Use `node --trace-warnings ...` to show where the warning was created)
(node:15600) [MODULE_TYPELESS_PACKAGE_JSON] Warning: Module type of file:///C:/Users/ishan/Music/dharma/dharma-granth/scripts/ocr-render-worker.ts is not specified and it doesn't parse as CommonJS.
Reparsing as ES module because module syntax was detected. This incurs a performance overhead.
To eliminate this warning, add "type": "module" to C:\Users\ishan\Music\dharma\dharma-granth\package.json.
(Use `node --trace-warnings ...` to show where the warning was created)
(node:15600) [MODULE_TYPELESS_PACKAGE_JSON] Warning: Module type of file:///C:/Users/ishan/Music/dharma/dharma-granth/scripts/ocr-render-worker.ts is not specified and it doesn't parse as CommonJS.
Reparsing as ES module because module syntax was detected. This incurs a performance overhead.
To eliminate this warning, add "type": "module" to C:\Users\ishan\Music\dharma\dharma-granth\package.json.
(Use `node --trace-warnings ...` to show where the warning was created)
(node:15600) [MODULE_TYPELESS_PACKAGE_JSON] Warning: Module type of file:///C:/Users/ishan/Music/dharma/dharma-granth/scripts/ocr-render-worker.ts is not specified and it doesn't parse as CommonJS.
Reparsing as ES module because module syntax was detected. This incurs a performance overhead.
To eliminate this warning, add "type": "module" to C:\Users\ishan\Music\dharma\dharma-granth\package.json.
(Use `node --trace-warnings ...` to show where the warning was created)
(node:15600) [MODULE_TYPELESS_PACKAGE_JSON] Warning: Module type of file:///C:/Users/ishan/Music/dharma/dharma-granth/scripts/ocr-render-worker.ts is not specified and it doesn't parse as CommonJS.
Reparsing as ES module because module syntax was detected. This incurs a performance overhead.
To eliminate this warning, add "type": "module" to C:\Users\ishan\Music\dharma\dharma-granth\package.json.
(Use `node --trace-warnings ...` to show where the warning was created)
(node:15600) [MODULE_TYPELESS_PACKAGE_JSON] Warning: Module type of file:///C:/Users/ishan/Music/dharma/dharma-granth/scripts/ocr-render-worker.ts is not specified and it doesn't parse as CommonJS.
Reparsing as ES module because module syntax was detected. This incurs a performance overhead.
To eliminate this warning, add "type": "module" to C:\Users\ishan\Music\dharma\dharma-granth\package.json.
(Use `node --trace-warnings ...` to show where the warning was created)
(node:15600) [MODULE_TYPELESS_PACKAGE_JSON] Warning: Module type of file:///C:/Users/ishan/Music/dharma/dharma-granth/scripts/ocr-render-worker.ts is not specified and it doesn't parse as CommonJS.
Reparsing as ES module because module syntax was detected. This incurs a performance overhead.
To eliminate this warning, add "type": "module" to C:\Users\ishan\Music\dharma\dharma-granth\package.json.
(Use `node --trace-warnings ...` to show where the warning was created)

📖 Processing: Garuda Purana
   PDF: Garuda Puran - Gita Press Gorakhpur.pdf (638 pages)

   📄 10/638 pages (1.6%) — 62s — 0.2 pages/s   
   📄 20/638 pages (3.1%) — 77s — 0.3 pages/s   
   📄 30/638 pages (4.7%) — 95s — 0.3 pages/s   
   📄 40/638 pages (6.3%) — 108s — 0.4 pages/s   
   📄 50/638 pages (7.8%) — 130s — 0.4 pages/s   
   📄 60/638 pages (9.4%) — 145s — 0.4 pages/s   
   📄 70/638 pages (11.0%) — 153s — 0.5 pages/s   
   📄 80/638 pages (12.5%) — 161s — 0.5 pages/s   
   